// Jest Snapshot v1, https://goo.gl/fbAQLP

exports[`renders correctly 1`] = `
<div
  className="h-screen flex justify-center content-center md:flex-wrap max-[767px]:flex-wrap gap-x-20"
>
  <img
    alt="Sign up"
    src="SofaImage.svg"
  />
  <div
    className="flex flex-col"
  >
    <h2
      className="text-5xl font-[\\"Poppins\\"] font-normal mb-32 max-[767px]:mt-20 md:mt-20 max-[767px]:mb-10 md:mb-10"
    >
      SIGNUP NOW
    </h2>
    <form
      className="grid grid-rows-3 gap-4 shadow-2xl px-10 py-10 w-[555px] h-[493]"
    >
      <div
        className="flex gap-x-7"
      >
        <input
          className="h-14 w-56 broder-solid border-2 border-[#D1DBE3] rounded-md placeholder-gray-300"
          name="userFirstName"
          onChange={[Function]}
          placeholder="   First Name"
          type="text"
          value=""
        />
        <input
          className="h-14 w-56 broder-solid border-2 border-[#D1DBE3] rounded-md placeholder-gray-300"
          name="userLastName"
          onChange={[Function]}
          placeholder="   Last Name"
          type="text"
          value=""
        />
      </div>
      <input
        className="h-14 broder-solid border-2 border-[#D1DBE3] rounded-md placeholder-gray-300"
        name="userEmail"
        onChange={[Function]}
        placeholder="   Your Email"
        type="text"
        value=""
      />
      <input
        className="h-14 broder-solid border-2 border-[#D1DBE3] rounded-md placeholder-gray-300"
        name="userConfirmEmail"
        onChange={[Function]}
        placeholder="   Confirm email"
        type="text"
        value=""
      />
      <div
        className="flex gap-x-7"
      >
        <input
          className="h-14 w-56 broder-solid border-2 border-[#D1DBE3] rounded-md placeholder-gray-300"
          name="userPassword"
          onChange={[Function]}
          placeholder="   Password"
          type="password"
          value=""
        />
        <input
          className="h-14 w-56 broder-solid border-2 border-[#D1DBE3] rounded-md placeholder-gray-300"
          name="userCondirmPassword"
          onChange={[Function]}
          placeholder="   Confirm password"
          type="password"
          value=""
        />
      </div>
      <div
        className="flex items-center justify-between"
      >
        <p
          className="mr-7 ml-7 font-light text-[#9DAFBD]"
        >
          Birth Date
        </p>
        <input
          className="h-14 w-12 broder-solid border-2 border-[#D1DBE3] rounded-md placeholder-gray-300"
          name="dayOfBirth"
          onChange={[Function]}
          placeholder="  DD"
          type="text"
          value=""
        />
        <input
          className="h-14 w-12 broder-solid border-2 border-[#D1DBE3] rounded-md placeholder-gray-300"
          name="monthOfBirth"
          onChange={[Function]}
          placeholder="  MM"
          type="text"
          value=""
        />
        <input
          className="h-14 w-12 broder-solid border-2 border-[#D1DBE3] rounded-md w-36 placeholder-gray-300"
          name="yearOfYear"
          onChange={[Function]}
          placeholder="  YYYY"
          type="text"
          value=""
        />
      </div>
      <div
        className="flex justify-around py-3 gap-8"
      >
        <button
          className="bg-[#2DD3E3] font-medium text-2xl px-14 py-3 rounded-md shadow-[0px_7px_20px_rgba(0,0,0,0.2)]"
          type="submit"
        >
          Login
        </button>
        <button
          className="broder-solid border-2 border-[#2DD3E3] font-medium text-2xl px-14 rounded-md"
          type="submit"
        >
          Signup
        </button>
      </div>
    </form>
    <div
      className="flex justify-around my-6"
    >
      <img
        alt="A line"
        src="line.svg"
      />
      <p>
        Or
      </p>
      <img
        alt="A line"
        src="line.svg"
      />
    </div>
    <div
      className="flex justify-center my-6 gap-x-20"
    >
      <img
        alt="Facebook logo"
        className="cursor-pointer"
        src="FacebookLogo.svg"
      />
      <img
        alt="Google logo"
        className="cursor-pointer"
        src="GoogleLogo.svg"
      />
    </div>
  </div>
</div>
`;
