// Jest Snapshot v1, https://goo.gl/fbAQLP

exports[`Requirements Page snapshot test 1`] = `
<div>
  TherapistCreatePage
</div>
`;
