// Jest Snapshot v1, https://goo.gl/fbAQLP

exports[`renders correctly 1`] = `
<div
  className="h-screen flex justify-center content-center md:flex-wrap max-[767px]:flex-wrap gap-x-20"
>
  <div>
    <h2
      className="text-5xl font-[\\"Poppins\\"] font-normal mb-44 max-[767px]:mt-20 md:mt-20 max-[767px]:mb-10 md:mb-10"
    >
      LOGIN
    </h2>
    <form
      className="grid grid-rows-3 gap-12 shadow-2xl px-10 py-10"
    >
      <input
        className="h-20 broder-solid border-2 border-[#D1DBE3] rounded-md"
        name="userEmail"
        onChange={[Function]}
        placeholder="   Your Email"
        type="text"
        value=""
      />
      <input
        className="h-20 broder-solid border-2 border-[#D1DBE3] rounded-md"
        name="userPassword"
        onChange={[Function]}
        placeholder="   Your Password"
        type="text"
        value=""
      />
      <div
        className="flex justify-around py-3 gap-8"
      >
        <button
          className="bg-[#2DD3E3] font-medium text-2xl px-14 rounded-md shadow-[0px_7px_20px_rgba(0,0,0,0.2)]"
          type="submit"
        >
          Login
        </button>
        <button
          className="broder-solid border-2 border-[#2DD3E3] font-medium text-2xl px-14 rounded-md"
          type="submit"
        >
          Signup
        </button>
      </div>
    </form>
    <div
      className="flex justify-around my-6"
    >
      <img
        alt="A line"
        src="line.svg"
      />
      <p>
        Or
      </p>
      <img
        alt="A line"
        src="line.svg"
      />
    </div>
    <div
      className="flex justify-center my-6 gap-x-20"
    >
      <img
        alt="Facebook logo"
        className="cursor-pointer"
        src="FacebookLogo.svg"
      />
      <img
        alt="Google logo"
        className="cursor-pointer"
        src="GoogleLogo.svg"
      />
    </div>
  </div>
  <img
    alt="Login"
    className="max-[767px]:mt-20 md:mt-20"
    src="LoginSofa.svg"
  />
</div>
`;
